
---- Completed parsing ----

Value of the expression is:  11.14
