
---- Completed parsing ----

Value of the expression is:  22.61
