
---- Completed parsing ----

Value of the expression is:  13.64
