
---- Completed parsing ----

Value of the expression is:  -3.86
