
---- Completed parsing ----

Value of the expression is:   7.34
