
---- Completed parsing ----

Value of the expression is:   0.31
