-27.83

---- Completed parsing ----

Value of the expression is: NULL
