 96.86
  2.17
(   3.14 4 "BoJack" TRUE )
FALSE
  1.18
