
---- Completed parsing ----

Value of the expression is: 42
