
---- Completed parsing ----

Value of the expression is: ( 23   3.14 TRUE "BoJack" -98.69 FALSE "Mr. PeanutButter" )
