"Enter a float (e.g., -2.71): "

---- Completed parsing ----

Value of the expression is:  -2.71
