"Enter an integer (e.g., 123): "

---- Completed parsing ----

Value of the expression is: 123
